// Jest Snapshot v1, https://goo.gl/fbAQLP

exports[`RenderReact route renderApp will render the expected app 1`] = `
<div
  context={
    Object {
      "mockContext": "mock",
    }
  }
  location="/"
>
  Mock static router
  <App />
</div>
`;
