// Jest Snapshot v1, https://goo.gl/fbAQLP

exports[`Characters page component will render the Characters page 1`] = `
<div>
  <Connect(CharacterList) />
</div>
`;
