// Jest Snapshot v1, https://goo.gl/fbAQLP

exports[`App root container will render the root app 1`] = `
<h1>
  Hello World from React!
</h1>
`;
